Archive member included to satisfy reference by file (symbol)

c:/program files (x86)/atmel/studio/7.0/toolchain/avr8/avr8-gnu-toolchain/bin/../lib/gcc/avr/5.4.0/avrxmega6\libgcc.a(_udivmodsi4.o)
                              drivers/usart/usart.o (__udivmodsi4)
c:/program files (x86)/atmel/studio/7.0/toolchain/avr8/avr8-gnu-toolchain/bin/../lib/gcc/avr/5.4.0/avrxmega6\libgcc.a(_exit.o)
                              C:/Program Files (x86)/Atmel/Studio/7.0/Packs/atmel/XMEGAA_DFP/1.0.36/gcc/dev/atxmega128a3u/avrxmega6/crtatxmega128a3u.o (exit)
c:/program files (x86)/atmel/studio/7.0/toolchain/avr8/avr8-gnu-toolchain/bin/../lib/gcc/avr/5.4.0/avrxmega6\libgcc.a(_tablejump2.o)
                              modules/dht22/DHT22.o (__tablejump2__)
c:/program files (x86)/atmel/studio/7.0/toolchain/avr8/avr8-gnu-toolchain/bin/../lib/gcc/avr/5.4.0/avrxmega6\libgcc.a(_copy_data.o)
                              modules/nrf24l01/nrf24l01.o (__do_copy_data)
c:/program files (x86)/atmel/studio/7.0/toolchain/avr8/avr8-gnu-toolchain/bin/../lib/gcc/avr/5.4.0/avrxmega6\libgcc.a(_clear_bss.o)
                              common.o (__do_clear_bss)
c:/program files (x86)/atmel/studio/7.0/toolchain/avr8/avr8-gnu-toolchain/bin/../lib/gcc/avr/5.4.0/avrxmega6\libgcc.a(_umulhisi3.o)
                              adc.o (__umulhisi3)

Allocating common symbols
Common symbol       size              file

pms_request_frame   0x7               modules/pmsa003/pmsa003.o
radio_data          0x19              modules/nrf24l01/radio.o
pms_pm_data         0x4               modules/pmsa003/pmsa003.o
dht22_state         0x1               modules/dht22/DHT22.o
dht22_data          0x6               modules/dht22/DHT22.o
pms_answer_frame    0x20              modules/pmsa003/pmsa003.o
pluviometer_data    0x1               modules/pluviometer/pluviometer.o
bit_position        0x1               modules/dht22/DHT22.o

Discarded input sections

 .data          0x00000000        0x0 C:/Program Files (x86)/Atmel/Studio/7.0/Packs/atmel/XMEGAA_DFP/1.0.36/gcc/dev/atxmega128a3u/avrxmega6/crtatxmega128a3u.o
 .bss           0x00000000        0x0 C:/Program Files (x86)/Atmel/Studio/7.0/Packs/atmel/XMEGAA_DFP/1.0.36/gcc/dev/atxmega128a3u/avrxmega6/crtatxmega128a3u.o
 .text          0x00000000        0x0 adc.o
 .data          0x00000000        0x0 adc.o
 .bss           0x00000000        0x0 adc.o
 .text          0x00000000        0x0 common.o
 .data          0x00000000        0x0 common.o
 .bss           0x00000000        0x0 common.o
 .text.common_disable_jtag
                0x00000000        0xc common.o
 .text          0x00000000        0x0 drivers/spi/spi_driver.o
 .data          0x00000000        0x0 drivers/spi/spi_driver.o
 .bss           0x00000000        0x0 drivers/spi/spi_driver.o
 .text          0x00000000        0x0 drivers/usart/usart.o
 .data          0x00000000        0x0 drivers/usart/usart.o
 .bss           0x00000000        0x0 drivers/usart/usart.o
 .text.USART_send
                0x00000000       0x2a drivers/usart/usart.o
 .text.USART_send_F
                0x00000000       0x2e drivers/usart/usart.o
 .text.USART_send_block_F
                0x00000000       0x42 drivers/usart/usart.o
 .text.USART_flush_rx_buff
                0x00000000       0x16 drivers/usart/usart.o
 .text          0x00000000        0x0 drivers/wdt/wdt_driver.o
 .data          0x00000000        0x0 drivers/wdt/wdt_driver.o
 .bss           0x00000000        0x0 drivers/wdt/wdt_driver.o
 .text.WDT_IsWindowModeEnabled
                0x00000000        0xa drivers/wdt/wdt_driver.o
 .text.WDT_EnableWindowMode
                0x00000000       0x22 drivers/wdt/wdt_driver.o
 .text.WDT_EnableWindowModeAndSetTimeout
                0x00000000       0x20 drivers/wdt/wdt_driver.o
 .text.WDT_DisableWindowMode
                0x00000000       0x12 drivers/wdt/wdt_driver.o
 .text          0x00000000        0x0 fsm.o
 .data          0x00000000        0x0 fsm.o
 .bss           0x00000000        0x0 fsm.o
 .text          0x00000000        0x0 main.o
 .data          0x00000000        0x0 main.o
 .bss           0x00000000        0x0 main.o
 .text          0x00000000        0x0 modules/anemometer/anemometer.o
 .data          0x00000000        0x0 modules/anemometer/anemometer.o
 .bss           0x00000000        0x0 modules/anemometer/anemometer.o
 .bss.anemometer_data
                0x00000000        0x2 modules/anemometer/anemometer.o
 .debug_info    0x00000000       0xaa modules/anemometer/anemometer.o
 .debug_abbrev  0x00000000       0x60 modules/anemometer/anemometer.o
 .debug_aranges
                0x00000000       0x18 modules/anemometer/anemometer.o
 .debug_line    0x00000000       0xbe modules/anemometer/anemometer.o
 .debug_str     0x00000000      0x1f0 modules/anemometer/anemometer.o
 .comment       0x00000000       0x31 modules/anemometer/anemometer.o
 .text          0x00000000        0x0 modules/dht22/DHT22.o
 .data          0x00000000        0x0 modules/dht22/DHT22.o
 .bss           0x00000000        0x0 modules/dht22/DHT22.o
 .text          0x00000000        0x0 modules/nrf24l01/nrf24l01.o
 .data          0x00000000        0x0 modules/nrf24l01/nrf24l01.o
 .bss           0x00000000        0x0 modules/nrf24l01/nrf24l01.o
 .text.nrf24l01_readregisters
                0x00000000       0x56 modules/nrf24l01/nrf24l01.o
 .text.nrf24l01_flushRXfifo
                0x00000000       0x14 modules/nrf24l01/nrf24l01.o
 .text.nrf24l01_setRX
                0x00000000       0x48 modules/nrf24l01/nrf24l01.o
 .text.nrf24l01_readready
                0x00000000       0x26 modules/nrf24l01/nrf24l01.o
 .text.nrf24l01_read
                0x00000000       0x52 modules/nrf24l01/nrf24l01.o
 .text          0x00000000        0x0 modules/nrf24l01/radio.o
 .data          0x00000000        0x0 modules/nrf24l01/radio.o
 .bss           0x00000000        0x0 modules/nrf24l01/radio.o
 .text.radio_listen_action
                0x00000000       0x3e modules/nrf24l01/radio.o
 .text.radio_data_read
                0x00000000        0x8 modules/nrf24l01/radio.o
 .data.addrtx5  0x00000000        0x5 modules/nrf24l01/radio.o
 .data.addrtx4  0x00000000        0x5 modules/nrf24l01/radio.o
 .data.addrtx3  0x00000000        0x5 modules/nrf24l01/radio.o
 .data.addrtx2  0x00000000        0x5 modules/nrf24l01/radio.o
 .data.addrtx1  0x00000000        0x5 modules/nrf24l01/radio.o
 .bss.sendpipe  0x00000000        0x1 modules/nrf24l01/radio.o
 .text          0x00000000        0x0 modules/pluviometer/pluviometer.o
 .data          0x00000000        0x0 modules/pluviometer/pluviometer.o
 .bss           0x00000000        0x0 modules/pluviometer/pluviometer.o
 .text.pluviometer_init
                0x00000000        0x6 modules/pluviometer/pluviometer.o
 .text          0x00000000        0x0 modules/pmsa003/pmsa003.o
 .data          0x00000000        0x0 modules/pmsa003/pmsa003.o
 .bss           0x00000000        0x0 modules/pmsa003/pmsa003.o
 .bss.pms_request_element_cnt
                0x00000000        0x1 modules/pmsa003/pmsa003.o
 .text          0x00000000        0x0 power_cfg.o
 .data          0x00000000        0x0 power_cfg.o
 .bss           0x00000000        0x0 power_cfg.o
 .text          0x00000000        0x0 rtc_cfg.o
 .data          0x00000000        0x0 rtc_cfg.o
 .bss           0x00000000        0x0 rtc_cfg.o
 .text          0x00000000        0x0 c:/program files (x86)/atmel/studio/7.0/toolchain/avr8/avr8-gnu-toolchain/bin/../lib/gcc/avr/5.4.0/avrxmega6\libgcc.a(_udivmodsi4.o)
 .data          0x00000000        0x0 c:/program files (x86)/atmel/studio/7.0/toolchain/avr8/avr8-gnu-toolchain/bin/../lib/gcc/avr/5.4.0/avrxmega6\libgcc.a(_udivmodsi4.o)
 .bss           0x00000000        0x0 c:/program files (x86)/atmel/studio/7.0/toolchain/avr8/avr8-gnu-toolchain/bin/../lib/gcc/avr/5.4.0/avrxmega6\libgcc.a(_udivmodsi4.o)
 .text.libgcc.mul
                0x00000000        0x0 c:/program files (x86)/atmel/studio/7.0/toolchain/avr8/avr8-gnu-toolchain/bin/../lib/gcc/avr/5.4.0/avrxmega6\libgcc.a(_udivmodsi4.o)
 .text.libgcc   0x00000000        0x0 c:/program files (x86)/atmel/studio/7.0/toolchain/avr8/avr8-gnu-toolchain/bin/../lib/gcc/avr/5.4.0/avrxmega6\libgcc.a(_udivmodsi4.o)
 .text.libgcc.prologue
                0x00000000        0x0 c:/program files (x86)/atmel/studio/7.0/toolchain/avr8/avr8-gnu-toolchain/bin/../lib/gcc/avr/5.4.0/avrxmega6\libgcc.a(_udivmodsi4.o)
 .text.libgcc.builtins
                0x00000000        0x0 c:/program files (x86)/atmel/studio/7.0/toolchain/avr8/avr8-gnu-toolchain/bin/../lib/gcc/avr/5.4.0/avrxmega6\libgcc.a(_udivmodsi4.o)
 .text.libgcc.fmul
                0x00000000        0x0 c:/program files (x86)/atmel/studio/7.0/toolchain/avr8/avr8-gnu-toolchain/bin/../lib/gcc/avr/5.4.0/avrxmega6\libgcc.a(_udivmodsi4.o)
 .text.libgcc.fixed
                0x00000000        0x0 c:/program files (x86)/atmel/studio/7.0/toolchain/avr8/avr8-gnu-toolchain/bin/../lib/gcc/avr/5.4.0/avrxmega6\libgcc.a(_udivmodsi4.o)
 .text          0x00000000        0x0 c:/program files (x86)/atmel/studio/7.0/toolchain/avr8/avr8-gnu-toolchain/bin/../lib/gcc/avr/5.4.0/avrxmega6\libgcc.a(_exit.o)
 .data          0x00000000        0x0 c:/program files (x86)/atmel/studio/7.0/toolchain/avr8/avr8-gnu-toolchain/bin/../lib/gcc/avr/5.4.0/avrxmega6\libgcc.a(_exit.o)
 .bss           0x00000000        0x0 c:/program files (x86)/atmel/studio/7.0/toolchain/avr8/avr8-gnu-toolchain/bin/../lib/gcc/avr/5.4.0/avrxmega6\libgcc.a(_exit.o)
 .text.libgcc.mul
                0x00000000        0x0 c:/program files (x86)/atmel/studio/7.0/toolchain/avr8/avr8-gnu-toolchain/bin/../lib/gcc/avr/5.4.0/avrxmega6\libgcc.a(_exit.o)
 .text.libgcc.div
                0x00000000        0x0 c:/program files (x86)/atmel/studio/7.0/toolchain/avr8/avr8-gnu-toolchain/bin/../lib/gcc/avr/5.4.0/avrxmega6\libgcc.a(_exit.o)
 .text.libgcc   0x00000000        0x0 c:/program files (x86)/atmel/studio/7.0/toolchain/avr8/avr8-gnu-toolchain/bin/../lib/gcc/avr/5.4.0/avrxmega6\libgcc.a(_exit.o)
 .text.libgcc.prologue
                0x00000000        0x0 c:/program files (x86)/atmel/studio/7.0/toolchain/avr8/avr8-gnu-toolchain/bin/../lib/gcc/avr/5.4.0/avrxmega6\libgcc.a(_exit.o)
 .text.libgcc.builtins
                0x00000000        0x0 c:/program files (x86)/atmel/studio/7.0/toolchain/avr8/avr8-gnu-toolchain/bin/../lib/gcc/avr/5.4.0/avrxmega6\libgcc.a(_exit.o)
 .text.libgcc.fmul
                0x00000000        0x0 c:/program files (x86)/atmel/studio/7.0/toolchain/avr8/avr8-gnu-toolchain/bin/../lib/gcc/avr/5.4.0/avrxmega6\libgcc.a(_exit.o)
 .text.libgcc.fixed
                0x00000000        0x0 c:/program files (x86)/atmel/studio/7.0/toolchain/avr8/avr8-gnu-toolchain/bin/../lib/gcc/avr/5.4.0/avrxmega6\libgcc.a(_exit.o)
 .text          0x00000000        0x0 c:/program files (x86)/atmel/studio/7.0/toolchain/avr8/avr8-gnu-toolchain/bin/../lib/gcc/avr/5.4.0/avrxmega6\libgcc.a(_tablejump2.o)
 .data          0x00000000        0x0 c:/program files (x86)/atmel/studio/7.0/toolchain/avr8/avr8-gnu-toolchain/bin/../lib/gcc/avr/5.4.0/avrxmega6\libgcc.a(_tablejump2.o)
 .bss           0x00000000        0x0 c:/program files (x86)/atmel/studio/7.0/toolchain/avr8/avr8-gnu-toolchain/bin/../lib/gcc/avr/5.4.0/avrxmega6\libgcc.a(_tablejump2.o)
 .text.libgcc.mul
                0x00000000        0x0 c:/program files (x86)/atmel/studio/7.0/toolchain/avr8/avr8-gnu-toolchain/bin/../lib/gcc/avr/5.4.0/avrxmega6\libgcc.a(_tablejump2.o)
 .text.libgcc.div
                0x00000000        0x0 c:/program files (x86)/atmel/studio/7.0/toolchain/avr8/avr8-gnu-toolchain/bin/../lib/gcc/avr/5.4.0/avrxmega6\libgcc.a(_tablejump2.o)
 .text.libgcc.prologue
                0x00000000        0x0 c:/program files (x86)/atmel/studio/7.0/toolchain/avr8/avr8-gnu-toolchain/bin/../lib/gcc/avr/5.4.0/avrxmega6\libgcc.a(_tablejump2.o)
 .text.libgcc.builtins
                0x00000000        0x0 c:/program files (x86)/atmel/studio/7.0/toolchain/avr8/avr8-gnu-toolchain/bin/../lib/gcc/avr/5.4.0/avrxmega6\libgcc.a(_tablejump2.o)
 .text.libgcc.fmul
                0x00000000        0x0 c:/program files (x86)/atmel/studio/7.0/toolchain/avr8/avr8-gnu-toolchain/bin/../lib/gcc/avr/5.4.0/avrxmega6\libgcc.a(_tablejump2.o)
 .text.libgcc.fixed
                0x00000000        0x0 c:/program files (x86)/atmel/studio/7.0/toolchain/avr8/avr8-gnu-toolchain/bin/../lib/gcc/avr/5.4.0/avrxmega6\libgcc.a(_tablejump2.o)
 .text          0x00000000        0x0 c:/program files (x86)/atmel/studio/7.0/toolchain/avr8/avr8-gnu-toolchain/bin/../lib/gcc/avr/5.4.0/avrxmega6\libgcc.a(_copy_data.o)
 .data          0x00000000        0x0 c:/program files (x86)/atmel/studio/7.0/toolchain/avr8/avr8-gnu-toolchain/bin/../lib/gcc/avr/5.4.0/avrxmega6\libgcc.a(_copy_data.o)
 .bss           0x00000000        0x0 c:/program files (x86)/atmel/studio/7.0/toolchain/avr8/avr8-gnu-toolchain/bin/../lib/gcc/avr/5.4.0/avrxmega6\libgcc.a(_copy_data.o)
 .text.libgcc.mul
                0x00000000        0x0 c:/program files (x86)/atmel/studio/7.0/toolchain/avr8/avr8-gnu-toolchain/bin/../lib/gcc/avr/5.4.0/avrxmega6\libgcc.a(_copy_data.o)
 .text.libgcc.div
                0x00000000        0x0 c:/program files (x86)/atmel/studio/7.0/toolchain/avr8/avr8-gnu-toolchain/bin/../lib/gcc/avr/5.4.0/avrxmega6\libgcc.a(_copy_data.o)
 .text.libgcc   0x00000000        0x0 c:/program files (x86)/atmel/studio/7.0/toolchain/avr8/avr8-gnu-toolchain/bin/../lib/gcc/avr/5.4.0/avrxmega6\libgcc.a(_copy_data.o)
 .text.libgcc.prologue
                0x00000000        0x0 c:/program files (x86)/atmel/studio/7.0/toolchain/avr8/avr8-gnu-toolchain/bin/../lib/gcc/avr/5.4.0/avrxmega6\libgcc.a(_copy_data.o)
 .text.libgcc.builtins
                0x00000000        0x0 c:/program files (x86)/atmel/studio/7.0/toolchain/avr8/avr8-gnu-toolchain/bin/../lib/gcc/avr/5.4.0/avrxmega6\libgcc.a(_copy_data.o)
 .text.libgcc.fmul
                0x00000000        0x0 c:/program files (x86)/atmel/studio/7.0/toolchain/avr8/avr8-gnu-toolchain/bin/../lib/gcc/avr/5.4.0/avrxmega6\libgcc.a(_copy_data.o)
 .text.libgcc.fixed
                0x00000000        0x0 c:/program files (x86)/atmel/studio/7.0/toolchain/avr8/avr8-gnu-toolchain/bin/../lib/gcc/avr/5.4.0/avrxmega6\libgcc.a(_copy_data.o)
 .text          0x00000000        0x0 c:/program files (x86)/atmel/studio/7.0/toolchain/avr8/avr8-gnu-toolchain/bin/../lib/gcc/avr/5.4.0/avrxmega6\libgcc.a(_clear_bss.o)
 .data          0x00000000        0x0 c:/program files (x86)/atmel/studio/7.0/toolchain/avr8/avr8-gnu-toolchain/bin/../lib/gcc/avr/5.4.0/avrxmega6\libgcc.a(_clear_bss.o)
 .bss           0x00000000        0x0 c:/program files (x86)/atmel/studio/7.0/toolchain/avr8/avr8-gnu-toolchain/bin/../lib/gcc/avr/5.4.0/avrxmega6\libgcc.a(_clear_bss.o)
 .text.libgcc.mul
                0x00000000        0x0 c:/program files (x86)/atmel/studio/7.0/toolchain/avr8/avr8-gnu-toolchain/bin/../lib/gcc/avr/5.4.0/avrxmega6\libgcc.a(_clear_bss.o)
 .text.libgcc.div
                0x00000000        0x0 c:/program files (x86)/atmel/studio/7.0/toolchain/avr8/avr8-gnu-toolchain/bin/../lib/gcc/avr/5.4.0/avrxmega6\libgcc.a(_clear_bss.o)
 .text.libgcc   0x00000000        0x0 c:/program files (x86)/atmel/studio/7.0/toolchain/avr8/avr8-gnu-toolchain/bin/../lib/gcc/avr/5.4.0/avrxmega6\libgcc.a(_clear_bss.o)
 .text.libgcc.prologue
                0x00000000        0x0 c:/program files (x86)/atmel/studio/7.0/toolchain/avr8/avr8-gnu-toolchain/bin/../lib/gcc/avr/5.4.0/avrxmega6\libgcc.a(_clear_bss.o)
 .text.libgcc.builtins
                0x00000000        0x0 c:/program files (x86)/atmel/studio/7.0/toolchain/avr8/avr8-gnu-toolchain/bin/../lib/gcc/avr/5.4.0/avrxmega6\libgcc.a(_clear_bss.o)
 .text.libgcc.fmul
                0x00000000        0x0 c:/program files (x86)/atmel/studio/7.0/toolchain/avr8/avr8-gnu-toolchain/bin/../lib/gcc/avr/5.4.0/avrxmega6\libgcc.a(_clear_bss.o)
 .text.libgcc.fixed
                0x00000000        0x0 c:/program files (x86)/atmel/studio/7.0/toolchain/avr8/avr8-gnu-toolchain/bin/../lib/gcc/avr/5.4.0/avrxmega6\libgcc.a(_clear_bss.o)
 .text          0x00000000        0x0 c:/program files (x86)/atmel/studio/7.0/toolchain/avr8/avr8-gnu-toolchain/bin/../lib/gcc/avr/5.4.0/avrxmega6\libgcc.a(_umulhisi3.o)
 .data          0x00000000        0x0 c:/program files (x86)/atmel/studio/7.0/toolchain/avr8/avr8-gnu-toolchain/bin/../lib/gcc/avr/5.4.0/avrxmega6\libgcc.a(_umulhisi3.o)
 .bss           0x00000000        0x0 c:/program files (x86)/atmel/studio/7.0/toolchain/avr8/avr8-gnu-toolchain/bin/../lib/gcc/avr/5.4.0/avrxmega6\libgcc.a(_umulhisi3.o)
 .text.libgcc.div
                0x00000000        0x0 c:/program files (x86)/atmel/studio/7.0/toolchain/avr8/avr8-gnu-toolchain/bin/../lib/gcc/avr/5.4.0/avrxmega6\libgcc.a(_umulhisi3.o)
 .text.libgcc   0x00000000        0x0 c:/program files (x86)/atmel/studio/7.0/toolchain/avr8/avr8-gnu-toolchain/bin/../lib/gcc/avr/5.4.0/avrxmega6\libgcc.a(_umulhisi3.o)
 .text.libgcc.prologue
                0x00000000        0x0 c:/program files (x86)/atmel/studio/7.0/toolchain/avr8/avr8-gnu-toolchain/bin/../lib/gcc/avr/5.4.0/avrxmega6\libgcc.a(_umulhisi3.o)
 .text.libgcc.builtins
                0x00000000        0x0 c:/program files (x86)/atmel/studio/7.0/toolchain/avr8/avr8-gnu-toolchain/bin/../lib/gcc/avr/5.4.0/avrxmega6\libgcc.a(_umulhisi3.o)
 .text.libgcc.fmul
                0x00000000        0x0 c:/program files (x86)/atmel/studio/7.0/toolchain/avr8/avr8-gnu-toolchain/bin/../lib/gcc/avr/5.4.0/avrxmega6\libgcc.a(_umulhisi3.o)
 .text.libgcc.fixed
                0x00000000        0x0 c:/program files (x86)/atmel/studio/7.0/toolchain/avr8/avr8-gnu-toolchain/bin/../lib/gcc/avr/5.4.0/avrxmega6\libgcc.a(_umulhisi3.o)

Memory Configuration

Name             Origin             Length             Attributes
text             0x00000000         0x00100000         xr
data             0x00802000         0x0000ffa0         rw !x
eeprom           0x00810000         0x00010000         rw !x
fuse             0x00820000         0x00000400         rw !x
lock             0x00830000         0x00000400         rw !x
signature        0x00840000         0x00000400         rw !x
user_signatures  0x00850000         0x00000400         rw !x
*default*        0x00000000         0xffffffff

Linker script and memory map

LOAD C:/Program Files (x86)/Atmel/Studio/7.0/Packs/atmel/XMEGAA_DFP/1.0.36/gcc/dev/atxmega128a3u/avrxmega6/crtatxmega128a3u.o
LOAD adc.o
LOAD common.o
LOAD drivers/spi/spi_driver.o
LOAD drivers/usart/usart.o
LOAD drivers/wdt/wdt_driver.o
LOAD fsm.o
LOAD main.o
LOAD modules/anemometer/anemometer.o
LOAD modules/dht22/DHT22.o
LOAD modules/nrf24l01/nrf24l01.o
LOAD modules/nrf24l01/radio.o
LOAD modules/pluviometer/pluviometer.o
LOAD modules/pmsa003/pmsa003.o
LOAD power_cfg.o
LOAD rtc_cfg.o
START GROUP
LOAD c:/program files (x86)/atmel/studio/7.0/toolchain/avr8/avr8-gnu-toolchain/bin/../lib/gcc/avr/5.4.0/../../../../avr/lib/avrxmega6\libm.a
END GROUP
START GROUP
LOAD c:/program files (x86)/atmel/studio/7.0/toolchain/avr8/avr8-gnu-toolchain/bin/../lib/gcc/avr/5.4.0/avrxmega6\libgcc.a
LOAD c:/program files (x86)/atmel/studio/7.0/toolchain/avr8/avr8-gnu-toolchain/bin/../lib/gcc/avr/5.4.0/../../../../avr/lib/avrxmega6\libm.a
LOAD c:/program files (x86)/atmel/studio/7.0/toolchain/avr8/avr8-gnu-toolchain/bin/../lib/gcc/avr/5.4.0/../../../../avr/lib/avrxmega6\libc.a
LOAD C:/Program Files (x86)/Atmel/Studio/7.0/Packs/atmel/XMEGAA_DFP/1.0.36/gcc/dev/atxmega128a3u/avrxmega6\libatxmega128a3u.a
END GROUP
                0x00000000                __TEXT_REGION_ORIGIN__ = DEFINED (__TEXT_REGION_ORIGIN__)?__TEXT_REGION_ORIGIN__:0x0
                0x00802000                __DATA_REGION_ORIGIN__ = DEFINED (__DATA_REGION_ORIGIN__)?__DATA_REGION_ORIGIN__:0x802000
                0x00100000                __TEXT_REGION_LENGTH__ = DEFINED (__TEXT_REGION_LENGTH__)?__TEXT_REGION_LENGTH__:0x100000
                0x0000ffa0                __DATA_REGION_LENGTH__ = DEFINED (__DATA_REGION_LENGTH__)?__DATA_REGION_LENGTH__:0xffa0
                0x00010000                __EEPROM_REGION_LENGTH__ = DEFINED (__EEPROM_REGION_LENGTH__)?__EEPROM_REGION_LENGTH__:0x10000
                0x00000400                __FUSE_REGION_LENGTH__ = DEFINED (__FUSE_REGION_LENGTH__)?__FUSE_REGION_LENGTH__:0x400
                0x00000400                __LOCK_REGION_LENGTH__ = DEFINED (__LOCK_REGION_LENGTH__)?__LOCK_REGION_LENGTH__:0x400
                0x00000400                __SIGNATURE_REGION_LENGTH__ = DEFINED (__SIGNATURE_REGION_LENGTH__)?__SIGNATURE_REGION_LENGTH__:0x400
                0x00000400                __USER_SIGNATURE_REGION_LENGTH__ = DEFINED (__USER_SIGNATURE_REGION_LENGTH__)?__USER_SIGNATURE_REGION_LENGTH__:0x400

.hash
 *(.hash)

.dynsym
 *(.dynsym)

.dynstr
 *(.dynstr)

.gnu.version
 *(.gnu.version)

.gnu.version_d
 *(.gnu.version_d)

.gnu.version_r
 *(.gnu.version_r)

.rel.init
 *(.rel.init)

.rela.init
 *(.rela.init)

.rel.text
 *(.rel.text)
 *(.rel.text.*)
 *(.rel.gnu.linkonce.t*)

.rela.text
 *(.rela.text)
 *(.rela.text.*)
 *(.rela.gnu.linkonce.t*)

.rel.fini
 *(.rel.fini)

.rela.fini
 *(.rela.fini)

.rel.rodata
 *(.rel.rodata)
 *(.rel.rodata.*)
 *(.rel.gnu.linkonce.r*)

.rela.rodata
 *(.rela.rodata)
 *(.rela.rodata.*)
 *(.rela.gnu.linkonce.r*)

.rel.data
 *(.rel.data)
 *(.rel.data.*)
 *(.rel.gnu.linkonce.d*)

.rela.data
 *(.rela.data)
 *(.rela.data.*)
 *(.rela.gnu.linkonce.d*)

.rel.ctors
 *(.rel.ctors)

.rela.ctors
 *(.rela.ctors)

.rel.dtors
 *(.rel.dtors)

.rela.dtors
 *(.rela.dtors)

.rel.got
 *(.rel.got)

.rela.got
 *(.rela.got)

.rel.bss
 *(.rel.bss)

.rela.bss
 *(.rela.bss)

.rel.plt
 *(.rel.plt)

.rela.plt
 *(.rela.plt)

.text           0x00000000     0x15de
 *(.vectors)
 .vectors       0x00000000      0x1fc C:/Program Files (x86)/Atmel/Studio/7.0/Packs/atmel/XMEGAA_DFP/1.0.36/gcc/dev/atxmega128a3u/avrxmega6/crtatxmega128a3u.o
                0x00000000                __vector_default
                0x00000000                __vectors
 *(.vectors)
 *(.progmem.gcc*)
 .progmem.gcc_sw_table.__vector_79
                0x000001fc        0xe modules/dht22/DHT22.o
                0x0000020a                . = ALIGN (0x2)
                0x0000020a                __trampolines_start = .
 *(.trampolines)
 .trampolines   0x0000020a        0x0 linker stubs
 *(.trampolines*)
                0x0000020a                __trampolines_end = .
 *libprintf_flt.a:*(.progmem.data)
 *libc.a:*(.progmem.data)
 *(.progmem*)
                0x0000020a                . = ALIGN (0x2)
 *(.jumptables)
 *(.jumptables*)
 *(.lowtext)
 *(.lowtext*)
                0x0000020a                __ctors_start = .
 *(.ctors)
                0x0000020a                __ctors_end = .
                0x0000020a                __dtors_start = .
 *(.dtors)
                0x0000020a                __dtors_end = .
 SORT(*)(.ctors)
 SORT(*)(.dtors)
 *(.init0)
 .init0         0x0000020a        0x0 C:/Program Files (x86)/Atmel/Studio/7.0/Packs/atmel/XMEGAA_DFP/1.0.36/gcc/dev/atxmega128a3u/avrxmega6/crtatxmega128a3u.o
                0x0000020a                __init
 *(.init0)
 *(.init1)
 *(.init1)
 *(.init2)
 .init2         0x0000020a       0x10 C:/Program Files (x86)/Atmel/Studio/7.0/Packs/atmel/XMEGAA_DFP/1.0.36/gcc/dev/atxmega128a3u/avrxmega6/crtatxmega128a3u.o
 *(.init2)
 *(.init3)
 *(.init3)
 *(.init4)
 .init4         0x0000021a       0x1a c:/program files (x86)/atmel/studio/7.0/toolchain/avr8/avr8-gnu-toolchain/bin/../lib/gcc/avr/5.4.0/avrxmega6\libgcc.a(_copy_data.o)
                0x0000021a                __do_copy_data
 .init4         0x00000234       0x10 c:/program files (x86)/atmel/studio/7.0/toolchain/avr8/avr8-gnu-toolchain/bin/../lib/gcc/avr/5.4.0/avrxmega6\libgcc.a(_clear_bss.o)
                0x00000234                __do_clear_bss
 *(.init4)
 *(.init5)
 *(.init5)
 *(.init6)
 *(.init6)
 *(.init7)
 *(.init7)
 *(.init8)
 *(.init8)
 *(.init9)
 .init9         0x00000244        0x6 C:/Program Files (x86)/Atmel/Studio/7.0/Packs/atmel/XMEGAA_DFP/1.0.36/gcc/dev/atxmega128a3u/avrxmega6/crtatxmega128a3u.o
 *(.init9)
 *(.text)
 .text          0x0000024a        0x2 C:/Program Files (x86)/Atmel/Studio/7.0/Packs/atmel/XMEGAA_DFP/1.0.36/gcc/dev/atxmega128a3u/avrxmega6/crtatxmega128a3u.o
                0x0000024a                __vector_38
                0x0000024a                __vector_104
                0x0000024a                __vector_22
                0x0000024a                __vector_63
                0x0000024a                __vector_28
                0x0000024a                __vector_67
                0x0000024a                __vector_1
                0x0000024a                __vector_119
                0x0000024a                __vector_32
                0x0000024a                __vector_75
                0x0000024a                __vector_62
                0x0000024a                __vector_102
                0x0000024a                __vector_24
                0x0000024a                __vector_12
                0x0000024a                __vector_55
                0x0000024a                __vector_69
                0x0000024a                __vector_81
                0x0000024a                __vector_90
                0x0000024a                __vector_46
                0x0000024a                __bad_interrupt
                0x0000024a                __vector_122
                0x0000024a                __vector_72
                0x0000024a                __vector_114
                0x0000024a                __vector_6
                0x0000024a                __vector_110
                0x0000024a                __vector_31
                0x0000024a                __vector_92
                0x0000024a                __vector_35
                0x0000024a                __vector_78
                0x0000024a                __vector_74
                0x0000024a                __vector_117
                0x0000024a                __vector_39
                0x0000024a                __vector_107
                0x0000024a                __vector_3
                0x0000024a                __vector_105
                0x0000024a                __vector_98
                0x0000024a                __vector_23
                0x0000024a                __vector_68
                0x0000024a                __vector_30
                0x0000024a                __vector_73
                0x0000024a                __vector_45
                0x0000024a                __vector_25
                0x0000024a                __vector_93
                0x0000024a                __vector_61
                0x0000024a                __vector_11
                0x0000024a                __vector_54
                0x0000024a                __vector_99
                0x0000024a                __vector_13
                0x0000024a                __vector_17
                0x0000024a                __vector_19
                0x0000024a                __vector_56
                0x0000024a                __vector_7
                0x0000024a                __vector_125
                0x0000024a                __vector_49
                0x0000024a                __vector_123
                0x0000024a                __vector_41
                0x0000024a                __vector_86
                0x0000024a                __vector_100
                0x0000024a                __vector_101
                0x0000024a                __vector_64
                0x0000024a                __vector_88
                0x0000024a                __vector_109
                0x0000024a                __vector_43
                0x0000024a                __vector_27
                0x0000024a                __vector_5
                0x0000024a                __vector_113
                0x0000024a                __vector_33
                0x0000024a                __vector_76
                0x0000024a                __vector_115
                0x0000024a                __vector_47
                0x0000024a                __vector_52
                0x0000024a                __vector_37
                0x0000024a                __vector_95
                0x0000024a                __vector_103
                0x0000024a                __vector_96
                0x0000024a                __vector_89
                0x0000024a                __vector_4
                0x0000024a                __vector_44
                0x0000024a                __vector_82
                0x0000024a                __vector_106
                0x0000024a                __vector_118
                0x0000024a                __vector_51
                0x0000024a                __vector_9
                0x0000024a                __vector_2
                0x0000024a                __vector_21
                0x0000024a                __vector_15
                0x0000024a                __vector_66
                0x0000024a                __vector_36
                0x0000024a                __vector_58
                0x0000024a                __vector_70
                0x0000024a                __vector_83
                0x0000024a                __vector_29
                0x0000024a                __vector_60
                0x0000024a                __vector_121
                0x0000024a                __vector_40
                0x0000024a                __vector_85
                0x0000024a                __vector_94
                0x0000024a                __vector_126
                0x0000024a                __vector_8
                0x0000024a                __vector_26
                0x0000024a                __vector_48
                0x0000024a                __vector_124
                0x0000024a                __vector_116
                0x0000024a                __vector_112
                0x0000024a                __vector_111
                0x0000024a                __vector_80
                0x0000024a                __vector_14
                0x0000024a                __vector_84
                0x0000024a                __vector_57
                0x0000024a                __vector_53
                0x0000024a                __vector_50
                0x0000024a                __vector_16
                0x0000024a                __vector_59
                0x0000024a                __vector_18
                0x0000024a                __vector_97
                0x0000024a                __vector_20
                0x0000024a                __vector_42
                0x0000024a                __vector_87
                0x0000024a                __vector_65
                0x0000024a                __vector_120
                0x0000024c                . = ALIGN (0x2)
 *(.text.*)
 .text.adc_read_calib_byte
                0x0000024c       0x18 adc.o
                0x0000024c                adc_read_calib_byte
 .text.adc_config
                0x00000264       0x42 adc.o
                0x00000264                adc_config
 .text.adc_init
                0x000002a6        0xc adc.o
                0x000002a6                adc_init
 .text.adc_init_action
                0x000002b2        0x6 adc.o
                0x000002b2                adc_init_action
 .text.__vector_71
                0x000002b8       0x84 adc.o
                0x000002b8                __vector_71
 .text.common_get_status
                0x0000033c       0x10 common.o
                0x0000033c                common_get_status
 .text.common_port_config
                0x0000034c       0xaa common.o
                0x0000034c                common_port_config
 .text.common_pmic_config
                0x000003f6        0xe common.o
                0x000003f6                common_pmic_config
 .text.common_delay_ms
                0x00000404       0x22 common.o
                0x00000404                common_delay_ms
 .text.common_led_blink
                0x00000426       0x54 common.o
                0x00000426                common_led_blink
 .text.common_condition_1_action
                0x0000047a       0x16 common.o
                0x0000047a                common_condition_1_action
 .text.common_condition_2_action
                0x00000490       0x1c common.o
                0x00000490                common_condition_2_action
 .text.common_condition_3_action
                0x000004ac       0x14 common.o
                0x000004ac                common_condition_3_action
 .text.common_condition_4_action
                0x000004c0        0xe common.o
                0x000004c0                common_condition_4_action
 .text.common_condition_5_action
                0x000004ce        0xc common.o
                0x000004ce                common_condition_5_action
 .text.spi_init
                0x000004da       0x1a drivers/spi/spi_driver.o
                0x000004da                spi_init
 .text.spi_writereadbyte
                0x000004f4       0x14 drivers/spi/spi_driver.o
                0x000004f4                spi_writereadbyte
 .text.usart_set_baudrate
                0x00000508      0x21e drivers/usart/usart.o
                0x00000508                usart_set_baudrate
 .text.USART_putchar
                0x00000726        0xc drivers/usart/usart.o
                0x00000726                USART_putchar
 .text.USART_send_block
                0x00000732       0x3c drivers/usart/usart.o
                0x00000732                USART_send_block
 .text.WDT_Enable
                0x0000076e       0x16 drivers/wdt/wdt_driver.o
                0x0000076e                WDT_Enable
 .text.WDT_EnableAndSetTimeout
                0x00000784       0x16 drivers/wdt/wdt_driver.o
                0x00000784                WDT_EnableAndSetTimeout
 .text.WDT_Disable
                0x0000079a       0x12 drivers/wdt/wdt_driver.o
                0x0000079a                WDT_Disable
 .text.fsm_event_flag_set
                0x000007ac       0x22 fsm.o
                0x000007ac                fsm_event_flag_set
 .text.fsm_event_flag_clear
                0x000007ce       0x26 fsm.o
                0x000007ce                fsm_event_flag_clear
 .text.fsm_transition
                0x000007f4       0x64 fsm.o
                0x000007f4                fsm_transition
 .text.main     0x00000858      0x122 main.o
                0x00000858                main
 .text.DHT22_config
                0x0000097a       0x30 modules/dht22/DHT22.o
                0x0000097a                DHT22_config
 .text.DHT22_init_action
                0x000009aa       0x44 modules/dht22/DHT22.o
                0x000009aa                DHT22_init_action
 .text.__vector_108
                0x000009ee       0x58 modules/dht22/DHT22.o
                0x000009ee                __vector_108
 .text.__vector_77
                0x00000a46       0x6a modules/dht22/DHT22.o
                0x00000a46                __vector_77
 .text.__vector_79
                0x00000ab0      0x21e modules/dht22/DHT22.o
                0x00000ab0                __vector_79
 .text.DHT22_checksum_calculate_action
                0x00000cce       0x48 modules/dht22/DHT22.o
                0x00000cce                DHT22_checksum_calculate_action
 .text.nrf24l01_readregister
                0x00000d16       0x1e modules/nrf24l01/nrf24l01.o
                0x00000d16                nrf24l01_readregister
 .text.nrf24l01_writeregister
                0x00000d34       0x22 modules/nrf24l01/nrf24l01.o
                0x00000d34                nrf24l01_writeregister
 .text.nrf24l01_writeregisters
                0x00000d56       0x4e modules/nrf24l01/nrf24l01.o
                0x00000d56                nrf24l01_writeregisters
 .text.nrf24l01_revaddress
                0x00000da4       0x16 modules/nrf24l01/nrf24l01.o
                0x00000da4                nrf24l01_revaddress
 .text.nrf24l01_setrxaddr
                0x00000dba       0xe8 modules/nrf24l01/nrf24l01.o
                0x00000dba                nrf24l01_setrxaddr
 .text.nrf24l01_settxaddr
                0x00000ea2       0x4a modules/nrf24l01/nrf24l01.o
                0x00000ea2                nrf24l01_settxaddr
 .text.nrf24l01_flushTXfifo
                0x00000eec        0xe modules/nrf24l01/nrf24l01.o
                0x00000eec                nrf24l01_flushTXfifo
 .text.nrf24l01_setTX
                0x00000efa       0x2e modules/nrf24l01/nrf24l01.o
                0x00000efa                nrf24l01_setTX
 .text.nrf24l01_getstatus
                0x00000f28       0x16 modules/nrf24l01/nrf24l01.o
                0x00000f28                nrf24l01_getstatus
 .text.nrf24l01_write
                0x00000f3e       0x6c modules/nrf24l01/nrf24l01.o
                0x00000f3e                nrf24l01_write
 .text.nrf24l01_setpalevel
                0x00000faa       0x10 modules/nrf24l01/nrf24l01.o
                0x00000faa                nrf24l01_setpalevel
 .text.nrf24l01_setdatarate
                0x00000fba       0x10 modules/nrf24l01/nrf24l01.o
                0x00000fba                nrf24l01_setdatarate
 .text.nrf24l01_setcrclength
                0x00000fca       0x10 modules/nrf24l01/nrf24l01.o
                0x00000fca                nrf24l01_setcrclength
 .text.nrf24l01_init
                0x00000fda       0xc6 modules/nrf24l01/nrf24l01.o
                0x00000fda                nrf24l01_init
 .text.nrf24l01_powerdown
                0x000010a0        0xe modules/nrf24l01/nrf24l01.o
                0x000010a0                nrf24l01_powerdown
 .text.radio_prepare_data_action
                0x000010ae       0x62 modules/nrf24l01/radio.o
                0x000010ae                radio_prepare_data_action
 .text.radio_data_send
                0x00001110       0x12 modules/nrf24l01/radio.o
                0x00001110                radio_data_send
 .text.radio_respond_action
                0x00001122       0x2e modules/nrf24l01/radio.o
                0x00001122                radio_respond_action
 .text.radio_csn_enable
                0x00001150       0x14 modules/nrf24l01/radio.o
                0x00001150                radio_csn_enable
 .text.radio_power_check
                0x00001164        0xa modules/nrf24l01/radio.o
                0x00001164                radio_power_check
 .text.__vector_34
                0x0000116e       0x4c modules/pluviometer/pluviometer.o
                0x0000116e                __vector_34
 .text.PMS_USART_init
                0x000011ba       0x46 modules/pmsa003/pmsa003.o
                0x000011ba                PMS_USART_init
 .text.PMS_send_request
                0x00001200       0x5c modules/pmsa003/pmsa003.o
                0x00001200                PMS_send_request
 .text.PMS_set_passive_mode
                0x0000125c        0xc modules/pmsa003/pmsa003.o
                0x0000125c                PMS_set_passive_mode
 .text.PMS_sleep_mode
                0x00001268       0x1c modules/pmsa003/pmsa003.o
                0x00001268                PMS_sleep_mode
 .text.pms_prepare_data
                0x00001284       0x8a modules/pmsa003/pmsa003.o
                0x00001284                pms_prepare_data
 .text.PMS_read_action
                0x0000130e       0x22 modules/pmsa003/pmsa003.o
                0x0000130e                PMS_read_action
 .text.PMS_prepare_data_action
                0x00001330        0x6 modules/pmsa003/pmsa003.o
                0x00001330                PMS_prepare_data_action
 .text.__vector_91
                0x00001336       0x86 modules/pmsa003/pmsa003.o
                0x00001336                __vector_91
 .text.power_peripherials_disable
                0x000013bc       0xe8 power_cfg.o
                0x000013bc                power_peripherials_disable
 .text.power_sleep_mode_cfg
                0x000014a4        0xe power_cfg.o
                0x000014a4                power_sleep_mode_cfg
 .text.power_sleep_enable
                0x000014b2       0x1e power_cfg.o
                0x000014b2                power_sleep_enable
 .text.power_sleep_disable
                0x000014d0       0x12 power_cfg.o
                0x000014d0                power_sleep_disable
 .text.power_sleep_action
                0x000014e2        0x6 power_cfg.o
                0x000014e2                power_sleep_action
 .text.rtc_init
                0x000014e8       0x2a rtc_cfg.o
                0x000014e8                rtc_init
 .text.__vector_10
                0x00001512       0x56 rtc_cfg.o
                0x00001512                __vector_10
 .text.libgcc.div
                0x00001568       0x44 c:/program files (x86)/atmel/studio/7.0/toolchain/avr8/avr8-gnu-toolchain/bin/../lib/gcc/avr/5.4.0/avrxmega6\libgcc.a(_udivmodsi4.o)
                0x00001568                __udivmodsi4
 .text.libgcc   0x000015ac       0x10 c:/program files (x86)/atmel/studio/7.0/toolchain/avr8/avr8-gnu-toolchain/bin/../lib/gcc/avr/5.4.0/avrxmega6\libgcc.a(_tablejump2.o)
                0x000015ac                __tablejump2__
 .text.libgcc.mul
                0x000015bc       0x1e c:/program files (x86)/atmel/studio/7.0/toolchain/avr8/avr8-gnu-toolchain/bin/../lib/gcc/avr/5.4.0/avrxmega6\libgcc.a(_umulhisi3.o)
                0x000015bc                __umulhisi3
                0x000015da                . = ALIGN (0x2)
 *(.fini9)
 .fini9         0x000015da        0x0 c:/program files (x86)/atmel/studio/7.0/toolchain/avr8/avr8-gnu-toolchain/bin/../lib/gcc/avr/5.4.0/avrxmega6\libgcc.a(_exit.o)
                0x000015da                _exit
                0x000015da                exit
 *(.fini9)
 *(.fini8)
 *(.fini8)
 *(.fini7)
 *(.fini7)
 *(.fini6)
 *(.fini6)
 *(.fini5)
 *(.fini5)
 *(.fini4)
 *(.fini4)
 *(.fini3)
 *(.fini3)
 *(.fini2)
 *(.fini2)
 *(.fini1)
 *(.fini1)
 *(.fini0)
 .fini0         0x000015da        0x4 c:/program files (x86)/atmel/studio/7.0/toolchain/avr8/avr8-gnu-toolchain/bin/../lib/gcc/avr/5.4.0/avrxmega6\libgcc.a(_exit.o)
 *(.fini0)
                0x000015de                _etext = .

.data           0x00802000       0x28 load address 0x000015de
                0x00802000                PROVIDE (__data_start, .)
 *(.data)
 *(.data*)
 .data.nrf24l01_addrtx
                0x00802000        0x5 modules/nrf24l01/nrf24l01.o
 .data.nrf24l01_addr5
                0x00802005        0x5 modules/nrf24l01/nrf24l01.o
 .data.nrf24l01_addr4
                0x0080200a        0x5 modules/nrf24l01/nrf24l01.o
 .data.nrf24l01_addr3
                0x0080200f        0x5 modules/nrf24l01/nrf24l01.o
 .data.nrf24l01_addr2
                0x00802014        0x5 modules/nrf24l01/nrf24l01.o
 .data.nrf24l01_addr1
                0x00802019        0x5 modules/nrf24l01/nrf24l01.o
 .data.nrf24l01_addr0
                0x0080201e        0x5 modules/nrf24l01/nrf24l01.o
 .data.addrtx0  0x00802023        0x5 modules/nrf24l01/radio.o
                0x00802023                addrtx0
 *(.gnu.linkonce.d*)
 *(.rodata)
 *(.rodata*)
 *(.gnu.linkonce.r*)
                0x00802028                . = ALIGN (0x2)
                0x00802028                _edata = .
                0x00802028                PROVIDE (__data_end, .)

.bss            0x00802028       0x56
                0x00802028                PROVIDE (__bss_start, .)
 *(.bss)
 *(.bss*)
 .bss.system_data
                0x00802028        0x4 common.o
                0x00802028                system_data
 .bss.fsm_params
                0x0080202c        0x2 fsm.o
                0x0080202c                fsm_params
 .bss.fsm_event_flags
                0x0080202e        0x2 fsm.o
                0x0080202e                fsm_event_flags
 .bss.pms_answer_element_cnt
                0x00802030        0x1 modules/pmsa003/pmsa003.o
                0x00802030                pms_answer_element_cnt
 *(COMMON)
 COMMON         0x00802031        0x8 modules/dht22/DHT22.o
                0x00802031                dht22_state
                0x00802032                dht22_data
                0x00802038                bit_position
 COMMON         0x00802039       0x19 modules/nrf24l01/radio.o
                0x00802039                radio_data
 COMMON         0x00802052        0x1 modules/pluviometer/pluviometer.o
                0x00802052                pluviometer_data
 COMMON         0x00802053       0x2b modules/pmsa003/pmsa003.o
                0x00802053                pms_request_frame
                0x0080205a                pms_pm_data
                0x0080205e                pms_answer_frame
                0x0080207e                PROVIDE (__bss_end, .)
                0x000015de                __data_load_start = LOADADDR (.data)
                0x00001606                __data_load_end = (__data_load_start + SIZEOF (.data))

.noinit         0x0080207e        0x0
                [!provide]                PROVIDE (__noinit_start, .)
 *(.noinit*)
                [!provide]                PROVIDE (__noinit_end, .)
                0x0080207e                _end = .
                [!provide]                PROVIDE (__heap_start, .)

.eeprom         0x00810000        0x0
 *(.eeprom*)
                0x00810000                __eeprom_end = .

.fuse
 *(.fuse)
 *(.lfuse)
 *(.hfuse)
 *(.efuse)

.lock
 *(.lock*)

.signature
 *(.signature*)

.user_signatures
 *(.user_signatures*)

.stab
 *(.stab)

.stabstr
 *(.stabstr)

.stab.excl
 *(.stab.excl)

.stab.exclstr
 *(.stab.exclstr)

.stab.index
 *(.stab.index)

.stab.indexstr
 *(.stab.indexstr)

.comment        0x00000000       0x30
 *(.comment)
 .comment       0x00000000       0x30 adc.o
                                 0x31 (size before relaxing)
 .comment       0x00000030       0x31 common.o
 .comment       0x00000030       0x31 drivers/spi/spi_driver.o
 .comment       0x00000030       0x31 drivers/usart/usart.o
 .comment       0x00000030       0x31 drivers/wdt/wdt_driver.o
 .comment       0x00000030       0x31 fsm.o
 .comment       0x00000030       0x31 main.o
 .comment       0x00000030       0x31 modules/dht22/DHT22.o
 .comment       0x00000030       0x31 modules/nrf24l01/nrf24l01.o
 .comment       0x00000030       0x31 modules/nrf24l01/radio.o
 .comment       0x00000030       0x31 modules/pluviometer/pluviometer.o
 .comment       0x00000030       0x31 modules/pmsa003/pmsa003.o
 .comment       0x00000030       0x31 power_cfg.o
 .comment       0x00000030       0x31 rtc_cfg.o

.note.gnu.avr.deviceinfo
                0x00000000       0x40
 .note.gnu.avr.deviceinfo
                0x00000000       0x40 C:/Program Files (x86)/Atmel/Studio/7.0/Packs/atmel/XMEGAA_DFP/1.0.36/gcc/dev/atxmega128a3u/avrxmega6/crtatxmega128a3u.o

.note.gnu.build-id
 *(.note.gnu.build-id)

.debug
 *(.debug)

.line
 *(.line)

.debug_srcinfo
 *(.debug_srcinfo)

.debug_sfnames
 *(.debug_sfnames)

.debug_aranges  0x00000000      0x400
 *(.debug_aranges)
 .debug_aranges
                0x00000000       0x40 adc.o
 .debug_aranges
                0x00000040       0x70 common.o
 .debug_aranges
                0x000000b0       0x28 drivers/spi/spi_driver.o
 .debug_aranges
                0x000000d8       0x50 drivers/usart/usart.o
 .debug_aranges
                0x00000128       0x50 drivers/wdt/wdt_driver.o
 .debug_aranges
                0x00000178       0x30 fsm.o
 .debug_aranges
                0x000001a8       0x20 main.o
 .debug_aranges
                0x000001c8       0x48 modules/dht22/DHT22.o
 .debug_aranges
                0x00000210       0xb8 modules/nrf24l01/nrf24l01.o
 .debug_aranges
                0x000002c8       0x50 modules/nrf24l01/radio.o
 .debug_aranges
                0x00000318       0x28 modules/pluviometer/pluviometer.o
 .debug_aranges
                0x00000340       0x58 modules/pmsa003/pmsa003.o
 .debug_aranges
                0x00000398       0x40 power_cfg.o
 .debug_aranges
                0x000003d8       0x28 rtc_cfg.o

.debug_pubnames
 *(.debug_pubnames)

.debug_info     0x00000000     0x5fe3
 *(.debug_info .gnu.linkonce.wi.*)
 .debug_info    0x00000000      0xa12 adc.o
 .debug_info    0x00000a12      0x921 common.o
 .debug_info    0x00001333      0x175 drivers/spi/spi_driver.o
 .debug_info    0x000014a8      0x437 drivers/usart/usart.o
 .debug_info    0x000018df      0x312 drivers/wdt/wdt_driver.o
 .debug_info    0x00001bf1      0x2a9 fsm.o
 .debug_info    0x00001e9a      0x6a7 main.o
 .debug_info    0x00002541     0x1032 modules/dht22/DHT22.o
 .debug_info    0x00003573     0x10d1 modules/nrf24l01/nrf24l01.o
 .debug_info    0x00004644      0x878 modules/nrf24l01/radio.o
 .debug_info    0x00004ebc      0x139 modules/pluviometer/pluviometer.o
 .debug_info    0x00004ff5      0x8cb modules/pmsa003/pmsa003.o
 .debug_info    0x000058c0      0x328 power_cfg.o
 .debug_info    0x00005be8      0x3fb rtc_cfg.o

.debug_abbrev   0x00000000     0x16fd
 *(.debug_abbrev)
 .debug_abbrev  0x00000000      0x20d adc.o
 .debug_abbrev  0x0000020d      0x20e common.o
 .debug_abbrev  0x0000041b       0xc6 drivers/spi/spi_driver.o
 .debug_abbrev  0x000004e1      0x16a drivers/usart/usart.o
 .debug_abbrev  0x0000064b      0x100 drivers/wdt/wdt_driver.o
 .debug_abbrev  0x0000074b      0x133 fsm.o
 .debug_abbrev  0x0000087e      0x187 main.o
 .debug_abbrev  0x00000a05      0x220 modules/dht22/DHT22.o
 .debug_abbrev  0x00000c25      0x295 modules/nrf24l01/nrf24l01.o
 .debug_abbrev  0x00000eba      0x29e modules/nrf24l01/radio.o
 .debug_abbrev  0x00001158       0xae modules/pluviometer/pluviometer.o
 .debug_abbrev  0x00001206      0x23e modules/pmsa003/pmsa003.o
 .debug_abbrev  0x00001444      0x15f power_cfg.o
 .debug_abbrev  0x000015a3      0x15a rtc_cfg.o

.debug_line     0x00000000     0x2633
 *(.debug_line .debug_line.* .debug_line_end)
 .debug_line    0x00000000      0x1dc adc.o
 .debug_line    0x000001dc      0x413 common.o
 .debug_line    0x000005ef      0x156 drivers/spi/spi_driver.o
 .debug_line    0x00000745      0x2c8 drivers/usart/usart.o
 .debug_line    0x00000a0d      0x24b drivers/wdt/wdt_driver.o
 .debug_line    0x00000c58      0x117 fsm.o
 .debug_line    0x00000d6f      0x336 main.o
 .debug_line    0x000010a5      0x3ab modules/dht22/DHT22.o
 .debug_line    0x00001450      0x669 modules/nrf24l01/nrf24l01.o
 .debug_line    0x00001ab9      0x31e modules/nrf24l01/radio.o
 .debug_line    0x00001dd7      0x111 modules/pluviometer/pluviometer.o
 .debug_line    0x00001ee8      0x381 modules/pmsa003/pmsa003.o
 .debug_line    0x00002269      0x267 power_cfg.o
 .debug_line    0x000024d0      0x163 rtc_cfg.o

.debug_frame    0x00000000      0x9ec
 *(.debug_frame)
 .debug_frame   0x00000000       0xb8 adc.o
 .debug_frame   0x000000b8       0xd8 common.o
 .debug_frame   0x00000190       0x34 drivers/spi/spi_driver.o
 .debug_frame   0x000001c4      0x130 drivers/usart/usart.o
 .debug_frame   0x000002f4       0x84 drivers/wdt/wdt_driver.o
 .debug_frame   0x00000378       0x64 fsm.o
 .debug_frame   0x000003dc       0x24 main.o
 .debug_frame   0x00000400      0x110 modules/dht22/DHT22.o
 .debug_frame   0x00000510      0x204 modules/nrf24l01/nrf24l01.o
 .debug_frame   0x00000714       0xac modules/nrf24l01/radio.o
 .debug_frame   0x000007c0       0x50 modules/pluviometer/pluviometer.o
 .debug_frame   0x00000810       0xf0 modules/pmsa003/pmsa003.o
 .debug_frame   0x00000900       0x70 power_cfg.o
 .debug_frame   0x00000970       0x7c rtc_cfg.o

.debug_str      0x00000000     0x38b2
 *(.debug_str)
 .debug_str     0x00000000      0xd2c adc.o
                                0xd96 (size before relaxing)
 .debug_str     0x00000d2c      0x4e9 common.o
                                0x794 (size before relaxing)
 .debug_str     0x00001215       0xfd drivers/spi/spi_driver.o
                                0x2c8 (size before relaxing)
 .debug_str     0x00001312      0x102 drivers/usart/usart.o
                                0x2fd (size before relaxing)
 .debug_str     0x00001414      0x29a drivers/wdt/wdt_driver.o
                                0x47b (size before relaxing)
 .debug_str     0x000016ae       0x66 fsm.o
                                0x398 (size before relaxing)
 .debug_str     0x00001714       0xeb main.o
                                0x5f4 (size before relaxing)
 .debug_str     0x000017ff     0x14ac modules/dht22/DHT22.o
                               0x198b (size before relaxing)
 .debug_str     0x00002cab      0x217 modules/nrf24l01/nrf24l01.o
                                0x535 (size before relaxing)
 .debug_str     0x00002ec2      0x267 modules/nrf24l01/radio.o
                                0x71c (size before relaxing)
 .debug_str     0x00003129       0x42 modules/pluviometer/pluviometer.o
                                0x269 (size before relaxing)
 .debug_str     0x0000316b      0x4f3 modules/pmsa003/pmsa003.o
                                0xa52 (size before relaxing)
 .debug_str     0x0000365e       0x5a power_cfg.o
                                0x329 (size before relaxing)
 .debug_str     0x000036b8      0x1fa rtc_cfg.o
                                0x5ba (size before relaxing)

.debug_loc      0x00000000     0x22c4
 *(.debug_loc)
 .debug_loc     0x00000000      0x17a adc.o
 .debug_loc     0x0000017a      0x215 common.o
 .debug_loc     0x0000038f       0x20 drivers/spi/spi_driver.o
 .debug_loc     0x000003af      0x8e6 drivers/usart/usart.o
 .debug_loc     0x00000c95       0xd5 drivers/wdt/wdt_driver.o
 .debug_loc     0x00000d6a      0x1ab fsm.o
 .debug_loc     0x00000f15       0x4c main.o
 .debug_loc     0x00000f61      0x281 modules/dht22/DHT22.o
 .debug_loc     0x000011e2      0xa4c modules/nrf24l01/nrf24l01.o
 .debug_loc     0x00001c2e      0x1e1 modules/nrf24l01/radio.o
 .debug_loc     0x00001e0f       0x56 modules/pluviometer/pluviometer.o
 .debug_loc     0x00001e65      0x365 modules/pmsa003/pmsa003.o
 .debug_loc     0x000021ca       0x2f power_cfg.o
 .debug_loc     0x000021f9       0xcb rtc_cfg.o

.debug_macinfo
 *(.debug_macinfo)

.debug_weaknames
 *(.debug_weaknames)

.debug_funcnames
 *(.debug_funcnames)

.debug_typenames
 *(.debug_typenames)

.debug_varnames
 *(.debug_varnames)

.debug_pubtypes
 *(.debug_pubtypes)

.debug_ranges   0x00000000      0x338
 *(.debug_ranges)
 .debug_ranges  0x00000000       0x30 adc.o
 .debug_ranges  0x00000030       0x60 common.o
 .debug_ranges  0x00000090       0x18 drivers/spi/spi_driver.o
 .debug_ranges  0x000000a8       0x58 drivers/usart/usart.o
 .debug_ranges  0x00000100       0x40 drivers/wdt/wdt_driver.o
 .debug_ranges  0x00000140       0x20 fsm.o
 .debug_ranges  0x00000160       0x10 main.o
 .debug_ranges  0x00000170       0x38 modules/dht22/DHT22.o
 .debug_ranges  0x000001a8       0xa8 modules/nrf24l01/nrf24l01.o
 .debug_ranges  0x00000250       0x40 modules/nrf24l01/radio.o
 .debug_ranges  0x00000290       0x18 modules/pluviometer/pluviometer.o
 .debug_ranges  0x000002a8       0x48 modules/pmsa003/pmsa003.o
 .debug_ranges  0x000002f0       0x30 power_cfg.o
 .debug_ranges  0x00000320       0x18 rtc_cfg.o

.debug_macro
 *(.debug_macro)
OUTPUT(Terminal-external_sensor.elf elf32-avr)
LOAD linker stubs
